Microchip MPLAB XC8 Compiler V2.45

Linker command line:

-W-3 \
  --edf=/home/joe/.mchp_packs/Microchip/PIC18Fxxxx_DFP/1.6.159/xc8/pic/dat/20231017163449_en.msgs \
  -cn -h+dist/default/debug/FINAL_PROJECT.X.debug.sym \
  --cmf=dist/default/debug/FINAL_PROJECT.X.debug.cmf -z -Q18F4331 \
  -o/tmp/xcXCBjPJp/driver_tmp_3.o --defsym=__MPLAB_BUILD=1 \
  --fixupoverflow=error -Mdist/default/debug/FINAL_PROJECT.X.debug.map \
  --md=/tmp/xcXCBjPJp/driver_tmp_0.dat -E1 -ver=XC8 Compiler --acfsm=1493 \
  -ACODE=00h-01D3Fh -ACONST=00h-01D3Fh \
  -ASMALLCONST=0300h-03FFhx26,01D00h-01D3Fh -AMEDIUMCONST=0300h-01D3Fh \
  -ACOMRAM=01h-05Fh -AABS1=00h-02EEh -ABIGRAM=01h-02EEh \
  -ARAM=060h-0FFh,0100h-01FFh,0200h-02EEh -ABANK0=060h-0FFh \
  -ABANK1=0100h-01FFh -ABANK2=0200h-02EEh \
  -ASFR=0F60h-0F9Bh,0F9Dh-0FD3h,0FD5h-0FDAh,0FE0h-0FE2h,0FE8h-0FEAh,0FF0h-0FFBh \
  -ABIGSFR=0F60h-0F9Bh,0F9Dh-0FD3h,0FD5h-0FDAh,0FE0h-0FE2h,0FE8h-0FEAh,0FF0h-0FFBh \
  -ACONFIG=0300000h-030000Dh -AIDLOC=0200000h-0200007h \
  -AEEDATA=0F00000h-0F000FFh -peeprom_data=EEDATA \
  -preset_vec=00h,intcode=08h,intcodelo,powerup,init -pramtop=0300h \
  -psmallconst=SMALLCONST -pmediumconst=MEDIUMCONST -pconst=CONST \
  -AFARRAM=00h-00h \
  -prdata=COMRAM,nvrram=COMRAM,nvbit=COMRAM,rbss=COMRAM,rbit=COMRAM \
  -pfarbss=FARRAM,fardata=FARRAM,nvFARRAM=FARRAM \
  -pintsave_regs=BIGRAM,bigbss=BIGRAM,bigdata=BIGRAM -pbss=RAM \
  -pidata=CODE,irdata=CODE,ibigdata=CODE,ifardata=CODE -prparam=COMRAM \
  /tmp/xcXCBjPJp/driver_tmp_9.o dist/default/debug/FINAL_PROJECT.X.debug.o 

Object code version is 3.11

Machine type is 18F4331



                Name                               Link     Load   Length Selector   Space Scale
/tmp/xcXCBjPJp/driver_tmp_9.o
                config                           300000   300000        E        0       4
                init                                 B8       B8        4        4       0
                reset_vec                             0        0        4        0       0
dist/default/debug/FINAL_PROJECT.X.debug.o
                intcode                               8        8       B0        4       0
                config                           300000   300000        E        0       4
                temp                                 2F       2F        1        1       1
                smallconst                          300      300        2      180       0
                text8                               602      602       12      181       0
                text6                               5CE      5CE       1C      181       0
                text5                               550      550       30      181       0
                text4                               412      412       C4      181       0
                text3                               5A8      5A8       26      181       0
                text2                               302      302      110      181       0
                text1                               5EA      5EA       18      181       0
                text0                               4D6      4D6       7A      181       0
                cstackCOMRAM                          1        1       21        1       1
                dataCOMRAM                           2E       2E        1        1       1
                bssCOMRAM                            22       22        C        1       1
                cinit                               580      580       28      181       0
                idataCOMRAM                         614      614        1      181       0

TOTAL           Name                               Link     Load   Length     Space
        CLASS   CODE           
                intcode                               8        8       B0         0
                init                                 B8       B8        4         0
                reset_vec                             0        0        4         0
                text8                               602      602       12         0
                text6                               5CE      5CE       1C         0
                text5                               550      550       30         0
                text4                               412      412       C4         0
                text3                               5A8      5A8       26         0
                text2                               302      302      110         0
                text1                               5EA      5EA       18         0
                text0                               4D6      4D6       7A         0
                cinit                               580      580       28         0
                idataCOMRAM                         614      614        1         0

        CLASS   CONST          

        CLASS   SMALLCONST     
                smallconst                          300      300        2         0

        CLASS   MEDIUMCONST    

        CLASS   COMRAM         
                temp                                 2F       2F        1         1
                cstackCOMRAM                          1        1       21         1
                dataCOMRAM                           2E       2E        1         1
                bssCOMRAM                            22       22        C         1

        CLASS   ABS1           

        CLASS   BIGRAM         

        CLASS   RAM            

        CLASS   BANK0          

        CLASS   BANK1          

        CLASS   BANK2          

        CLASS   SFR            

        CLASS   BIGSFR         

        CLASS   CONFIG         
                config                           300000   300000        E         4

        CLASS   IDLOC          

        CLASS   EEDATA         

        CLASS   FARRAM         

        CLASS   HEAP           

        CLASS   STACK          



SEGMENTS        Name                           Load    Length   Top    Selector   Space  Class

                reset_vec                      000000  000004  000004         0       0  CODE    
                text2                          000302  000313  000615       181       0  CODE    
                cstackCOMRAM                   000001  00002F  000030         1       1  COMRAM  
                intcode                        000008  0000B4  0000BC         4       0  CODE    
                smallconst                     000300  000002  000302       180       0  SMALLCON


UNUSED ADDRESS RANGES

        Name                Unused          Largest block    Delta
        BANK0            000060-0000FF               A0
        BANK1            000100-0001FF              100
        BANK2            000200-0002EE               EF
        BIGRAM           000030-0002EE              2BF
        BIGSFR           000F60-000F9B               3C
                         000F9D-000FD3               37
                         000FD5-000FDA                6
                         000FE0-000FE2                3
                         000FE8-000FEA                3
                         000FF0-000FFB                C
        CODE             000004-000007                4
                         0000BC-0002FF              244
                         000615-001D3F             172B
        COMRAM           000030-00005F               30
        CONST            000004-000007                4
                         0000BC-0002FF              244
                         000615-001D3F             172B
        EEDATA           F00000-F000FF              100
        IDLOC            200000-200007                8
        MEDIUMCONST      000615-001D3F             172B
        RAM              000060-0002EE              100
        SFR              000F60-000F9B               3C
                         000F9D-000FD3               37
                         000FD5-000FDA                6
                         000FE0-000FE2                3
                         000FE8-000FEA                3
                         000FF0-000FFB                C
        SMALLCONST       000615-001D3F              100

                                  Symbol Table

?___awdiv                 cstackCOMRAM 000001
?___wmul                  cstackCOMRAM 000001
?_set_throttle            cstackCOMRAM 000009
_CKE                      (abs)        007E3E
_CKP                      (abs)        007E34
_GIE                      (abs)        007F97
_IPEN                     (abs)        007E87
_IRCF0                    (abs)        007E9C
_IRCF1                    (abs)        007E9D
_IRCF2                    (abs)        007E9E
_LATBbits                 (abs)        000F8A
_PDC0L                    (abs)        000F79
_PEIE                     (abs)        007F96
_PMOD0                    (abs)        007B78
_PTCKPS0                  (abs)        007BFA
_PTCKPS1                  (abs)        007BFB
_PTEN                     (abs)        007BF7
_PTPERH                   (abs)        000F7A
_PTPERL                   (abs)        000F7B
_PWMEN0                   (abs)        007B7C
_PWMEN1                   (abs)        007B7D
_PWMEN2                   (abs)        007B7E
_PWM_init                 text6        0005CE
_SMP                      (abs)        007E3F
_SSPBUF                   (abs)        000FC9
_SSPEN                    (abs)        007E35
_SSPIE                    (abs)        007CEB
_SSPIF                    (abs)        007CF3
_SSPM0                    (abs)        007E30
_SSPM1                    (abs)        007E31
_SSPM2                    (abs)        007E32
_SSPM3                    (abs)        007E33
_TRISB0                   (abs)        007C98
_TRISC4                   (abs)        007CA4
_TRISC5                   (abs)        007CA5
_TRISC7                   (abs)        007CA7
__HRAM                    (abs)        000000
__H__absolute__           __absolute__ 000000
__Habs1                   abs1         000000
__Hbank0                  bank0        000000
__Hbank1                  bank1        000000
__Hbank2                  bank2        000000
__Hbigbss                 bigbss       000000
__Hbigdata                bigdata      000000
__Hbigram                 bigram       000000
__Hbigsfr                 bigsfr       000000
__Hbss                    bss          000000
__HbssCOMRAM              bssCOMRAM    000000
__Hcinit                  cinit        000000
__Hclrtext                clrtext      000000
__Hcomram                 comram       000000
__Hconfig                 config       30000E
__Hconst                  const        000000
__HcstackCOMRAM           cstackCOMRAM 000000
__Hdata                   data         000000
__HdataCOMRAM             dataCOMRAM   000000
__Heeprom_data            eeprom_data  000000
__Hfarbss                 farbss       000000
__Hfardata                fardata      000000
__Hheap                   heap         000000
__Hibigdata               ibigdata     000000
__Hidata                  idata        000000
__HidataCOMRAM            idataCOMRAM  000000
__Hidloc                  idloc        000000
__Hifardata               ifardata     000000
__Hinit                   init         0000BC
__Hintcode                intcode      0000B8
__Hintcode_body           intcode_body 000000
__Hintcodelo              intcodelo    0000B8
__Hintentry               intentry     000000
__Hintret                 intret       000000
__Hintsave_regs           intsave_regs 000000
__Hirdata                 irdata       000000
__Hmediumconst            mediumconst  000000
__HnvFARRAM               nvFARRAM     000000
__Hnvbit                  nvbit        000000
__Hnvrram                 nvrram       000000
__Hparam                  rparam       000000
__Hpowerup                powerup      0000B8
__Hram                    ram          000000
__Hramtop                 ramtop       000300
__Hrbit                   rbit         000000
__Hrbss                   rbss         000000
__Hrdata                  rdata        000000
__Hreset_vec              reset_vec    000004
__Hrparam                 rparam       000000
__Hsfr                    sfr          000000
__Hsmallconst             smallconst   000302
__Hspace_0                (abs)        000615
__Hspace_1                (abs)        000030
__Hspace_2                (abs)        000000
__Hspace_4                (abs)        60000E
__Hstack                  stack        000000
__Hstruct                 struct       000000
__Htemp                   temp         000030
__Htext                   text         000000
__Htext0                  text0        000000
__Htext1                  text1        000000
__Htext2                  text2        000000
__Htext3                  text3        000000
__Htext4                  text4        000000
__Htext5                  text5        000000
__Htext6                  text6        000000
__Htext8                  text8        000000
__LRAM                    (abs)        000001
__L__absolute__           __absolute__ 000000
__Labs1                   abs1         000000
__Lbank0                  bank0        000000
__Lbank1                  bank1        000000
__Lbank2                  bank2        000000
__Lbigbss                 bigbss       000000
__Lbigdata                bigdata      000000
__Lbigram                 bigram       000000
__Lbigsfr                 bigsfr       000000
__Lbss                    bss          000000
__LbssCOMRAM              bssCOMRAM    000000
__Lcinit                  cinit        000000
__Lclrtext                clrtext      000000
__Lcomram                 comram       000000
__Lconfig                 config       000000
__Lconst                  const        000000
__LcstackCOMRAM           cstackCOMRAM 000000
__Ldata                   data         000000
__LdataCOMRAM             dataCOMRAM   000000
__Leeprom_data            eeprom_data  000000
__Lfarbss                 farbss       000000
__Lfardata                fardata      000000
__Lheap                   heap         000000
__Libigdata               ibigdata     000000
__Lidata                  idata        000000
__LidataCOMRAM            idataCOMRAM  000000
__Lidloc                  idloc        000000
__Lifardata               ifardata     000000
__Linit                   init         0000B8
__Lintcode                intcode      000008
__Lintcode_body           intcode_body 000000
__Lintcodelo              intcodelo    0000B8
__Lintentry               intentry     000000
__Lintret                 intret       000000
__Lintsave_regs           intsave_regs 000000
__Lirdata                 irdata       000000
__Lmediumconst            mediumconst  000000
__LnvFARRAM               nvFARRAM     000000
__Lnvbit                  nvbit        000000
__Lnvrram                 nvrram       000000
__Lparam                  rparam       000000
__Lpowerup                powerup      0000B8
__Lram                    ram          000000
__Lramtop                 ramtop       000300
__Lrbit                   rbit         000000
__Lrbss                   rbss         000000
__Lrdata                  rdata        000000
__Lreset_vec              reset_vec    000000
__Lrparam                 rparam       000000
__Lsfr                    sfr          000000
__Lsmallconst             smallconst   000300
__Lspace_0                (abs)        000000
__Lspace_1                (abs)        000000
__Lspace_2                (abs)        000000
__Lspace_4                (abs)        000000
__Lstack                  stack        000000
__Lstruct                 struct       000000
__Ltemp                   temp         00002F
__Ltext                   text         000000
__Ltext0                  text0        000000
__Ltext1                  text1        000000
__Ltext2                  text2        000000
__Ltext3                  text3        000000
__Ltext4                  text4        000000
__Ltext5                  text5        000000
__Ltext6                  text6        000000
__Ltext8                  text8        000000
__S0                      (abs)        000615
__S1                      (abs)        000030
__S4                      (abs)        000000
__S5                      (abs)        000000
___awdiv                  text4        000412
___awdiv@counter          cstackCOMRAM 000005
___awdiv@dividend         cstackCOMRAM 000001
___awdiv@divisor          cstackCOMRAM 000003
___awdiv@quotient         cstackCOMRAM 000007
___awdiv@sign             cstackCOMRAM 000006
___heap_hi                (abs)        000000
___heap_lo                (abs)        000000
___inthi_sp               stack        000000
___inthi_stack_hi         stack        000000
___inthi_stack_lo         stack        000000
___intlo_sp               stack        000000
___intlo_stack_hi         stack        000000
___intlo_stack_lo         stack        000000
___param_bank             (abs)        000000
___rparam_used            (abs)        000001
___sp                     stack        000000
___stack_hi               stack        000000
___stack_lo               stack        000000
___wmul                   text3        0005A8
___wmul@multiplicand      cstackCOMRAM 000003
___wmul@multiplier        cstackCOMRAM 000001
___wmul@product           cstackCOMRAM 000005
__accesstop               (abs)        000060
__activetblptr            (abs)        000000
__end_of_PWM_init         text6        0005EA
__end_of___awdiv          text4        0004D6
__end_of___wmul           text3        0005CE
__end_of__initialization  cinit        00059E
__end_of_h_isr            intcode      0000B8
__end_of_init_XL5         text5        000580
__end_of_main             text0        000550
__end_of_message_received text8        000614
__end_of_set_throttle     text2        000412
__end_of_spi_slave_init   text1        000602
__initialization          cinit        000580
__mediumconst             mediumconst  000000
__pbssCOMRAM              bssCOMRAM    000022
__pcinit                  cinit        000580
__pcstackCOMRAM           cstackCOMRAM 000001
__pdataCOMRAM             dataCOMRAM   00002E
__pidataCOMRAM            idataCOMRAM  000614
__pintcode                intcode      000008
__psmallconst             smallconst   000300
__ptext0                  text0        0004D6
__ptext1                  text1        0005EA
__ptext2                  text2        000302
__ptext3                  text3        0005A8
__ptext4                  text4        000412
__ptext5                  text5        000550
__ptext6                  text6        0005CE
__ptext8                  text8        000602
__ramtop                  ramtop       000300
__smallconst              smallconst   000300
_adc_data_received        bssCOMRAM    000025
_adc_hib_flag             bssCOMRAM    000028
_adc_lob_flag             bssCOMRAM    000029
_adc_res_hi               bssCOMRAM    00002D
_adc_res_lo               bssCOMRAM    00002C
_byte_received            bssCOMRAM    000022
_drive_dir                bssCOMRAM    00002B
_drive_dir_received       bssCOMRAM    000024
_drive_dirb_flag          bssCOMRAM    000027
_h_isr                    intcode      000008
_init_XL5                 text5        000550
_main                     text0        0004D6
_message_received         text8        000602
_message_start            dataCOMRAM   00002E
_message_start_flag       bssCOMRAM    000026
_set_throttle             text2        000302
_spi_slave_init           text1        0005EA
_start_test               bssCOMRAM    00002A
btemp                     temp         00002F
end_of_initialization     cinit        00059E
int$flags                 temp         00002F
intlevel0                 text         000000
intlevel1                 text         000000
intlevel2                 text         000000
intlevel3                 text         000000
isa$std                   (abs)        000001
isa$xinst                 (abs)        000000
main@adc_result           cstackCOMRAM 00001F
main@forward_flag         cstackCOMRAM 000021
set_throttle@adc_result   cstackCOMRAM 00000B
set_throttle@curr_step    cstackCOMRAM 000010
set_throttle@dir_div      cstackCOMRAM 000015
set_throttle@forward_flag cstackCOMRAM 000009
set_throttle@i            cstackCOMRAM 000016
set_throttle@neutral      cstackCOMRAM 000014
set_throttle@step_size    cstackCOMRAM 000012
stackhi                   (abs)        000000
stacklo                   (abs)        000000
start                     init         0000B8
start_initialization      cinit        000580
ttemp5                    temp         000030
ttemp6                    temp         000033
ttemp7                    temp         000037
wtemp8                    temp         000030


MODULE INFORMATION

Module		Function		Class		Link	Load	Size
receiver_main.c
		_h_isr         		CODE           	0008	0000	176
		_main          		CODE           	04D6	0000	122
		_set_throttle  		CODE           	0302	0000	272
		_message_received		CODE           	0602	0000	18

receiver_main.c estimated size: 588

/opt/microchip/xc8/v2.45/pic/sources/c99/common/awdiv.c
		___awdiv       		CODE           	0412	0000	196

/opt/microchip/xc8/v2.45/pic/sources/c99/common/awdiv.c estimated size: 196

/opt/microchip/xc8/v2.45/pic/sources/c99/common/Umul16.c
		___wmul        		CODE           	05A8	0000	38

/opt/microchip/xc8/v2.45/pic/sources/c99/common/Umul16.c estimated size: 38

spi.c
		_spi_slave_init		CODE           	05EA	0000	24

spi.c estimated size: 24

shared
		__initialization		CODE           	0580	0000	30

shared estimated size: 30

pc_pwm.c
		_PWM_init      		CODE           	05CE	0000	28

pc_pwm.c estimated size: 28

xl5.c
		_init_XL5      		CODE           	0550	0000	48

xl5.c estimated size: 48

