Microchip MPLAB XC8 Compiler V2.45

Linker command line:

-W-3 \
  --edf=/home/joe/.mchp_packs/Microchip/PIC18Fxxxx_DFP/1.6.159/xc8/pic/dat/20231017163449_en.msgs \
  -cn -h+dist/default/production/FINAL_PROJECT.X.production.sym \
  --cmf=dist/default/production/FINAL_PROJECT.X.production.cmf -z -Q18F4331 \
  -o/tmp/xcXMfgNkM/driver_tmp_3.o --defsym=__MPLAB_BUILD=1 \
  --fixupoverflow=error \
  -Mdist/default/production/FINAL_PROJECT.X.production.map \
  --md=/tmp/xcXMfgNkM/driver_tmp_0.dat -E1 -ver=XC8 Compiler --acfsm=1493 \
  -ACODE=00h-01FFFh -ACONST=00h-01FFFh -ASMALLCONST=0300h-03FFhx29 \
  -AMEDIUMCONST=0300h-01FFFh -ACOMRAM=01h-05Fh -AABS1=00h-02FFh \
  -ABIGRAM=01h-02FFh -ARAM=060h-0FFh,0100h-01FFhx2 -ABANK0=060h-0FFh \
  -ABANK1=0100h-01FFh -ABANK2=0200h-02FFh -ASFR=0F60h-0FFFh \
  -ABIGSFR=0F60h-0FFFh -ACONFIG=0300000h-030000Dh -AIDLOC=0200000h-0200007h \
  -AEEDATA=0F00000h-0F000FFh -peeprom_data=EEDATA \
  -preset_vec=00h,intcode=08h,intcodelo,powerup,init -pramtop=0300h \
  -psmallconst=SMALLCONST -pmediumconst=MEDIUMCONST -pconst=CONST \
  -AFARRAM=00h-00h \
  -prdata=COMRAM,nvrram=COMRAM,nvbit=COMRAM,rbss=COMRAM,rbit=COMRAM \
  -pfarbss=FARRAM,fardata=FARRAM,nvFARRAM=FARRAM \
  -pintsave_regs=BIGRAM,bigbss=BIGRAM,bigdata=BIGRAM -pbss=RAM \
  -pidata=CODE,irdata=CODE,ibigdata=CODE,ifardata=CODE -prparam=COMRAM \
  /tmp/xcXMfgNkM/driver_tmp_9.o \
  dist/default/production/FINAL_PROJECT.X.production.o 

Object code version is 3.11

Machine type is 18F4331



                Name                               Link     Load   Length Selector   Space Scale
/tmp/xcXMfgNkM/driver_tmp_9.o
                config                           300000   300000        E        0       4
                init                                 B8       B8        4        4       0
                reset_vec                             0        0        4        0       0
dist/default/production/FINAL_PROJECT.X.production.o
                intcode                               8        8       B0        4       0
                config                           300000   300000        E        0       4
                temp                                 2B       2B        1        1       1
                smallconst                          300      300        2      180       0
                text7                               5C2      5C2       1C      181       0
                text6                               56C      56C       30      181       0
                text5                               60C      60C       12      181       0
                text4                               412      412       C4      181       0
                text3                               59C      59C       26      181       0
                text2                               302      302      110      181       0
                text1                               5DE      5DE       18      181       0
                text0                               4D6      4D6       96      181       0
                cstackCOMRAM                          1        1       1E        1       1
                bssCOMRAM                            1F       1F        C        1       1
                cinit                               5F6      5F6       16      181       0

TOTAL           Name                               Link     Load   Length     Space
        CLASS   CODE           
                intcode                               8        8       B0         0
                init                                 B8       B8        4         0
                reset_vec                             0        0        4         0
                text7                               5C2      5C2       1C         0
                text6                               56C      56C       30         0
                text5                               60C      60C       12         0
                text4                               412      412       C4         0
                text3                               59C      59C       26         0
                text2                               302      302      110         0
                text1                               5DE      5DE       18         0
                text0                               4D6      4D6       96         0
                cinit                               5F6      5F6       16         0

        CLASS   CONST          

        CLASS   SMALLCONST     
                smallconst                          300      300        2         0

        CLASS   MEDIUMCONST    

        CLASS   COMRAM         
                temp                                 2B       2B        1         1
                cstackCOMRAM                          1        1       1E         1
                bssCOMRAM                            1F       1F        C         1

        CLASS   ABS1           

        CLASS   BIGRAM         

        CLASS   RAM            

        CLASS   BANK0          

        CLASS   BANK1          

        CLASS   BANK2          

        CLASS   SFR            

        CLASS   BIGSFR         

        CLASS   CONFIG         
                config                           300000   300000        E         4

        CLASS   IDLOC          

        CLASS   EEDATA         

        CLASS   FARRAM         

        CLASS   HEAP           

        CLASS   STACK          



SEGMENTS        Name                           Load    Length   Top    Selector   Space  Class

                reset_vec                      000000  000004  000004         0       0  CODE    
                text2                          000302  00031C  00061E       181       0  CODE    
                cstackCOMRAM                   000001  00002B  00002C         1       1  COMRAM  
                intcode                        000008  0000B4  0000BC         4       0  CODE    
                smallconst                     000300  000002  000302       180       0  SMALLCON


UNUSED ADDRESS RANGES

        Name                Unused          Largest block    Delta
        BANK0            000060-0000FF               A0
        BANK1            000100-0001FF              100
        BANK2            000200-0002FF              100
        BIGRAM           00002C-0002FF              2D4
        BIGSFR           000F60-000FFF               A0
        CODE             000004-000007                4
                         0000BC-0002FF              244
                         00061E-001FFF             19E2
        COMRAM           00002C-00005F               34
        CONST            000004-000007                4
                         0000BC-0002FF              244
                         00061E-001FFF             19E2
        EEDATA           F00000-F000FF              100
        IDLOC            200000-200007                8
        MEDIUMCONST      00061E-001FFF             19E2
        RAM              000060-0002FF              100
        SFR              000F60-000FFF               A0
        SMALLCONST       00061E-001FFF              100

                                  Symbol Table

?___awdiv                 cstackCOMRAM 000001
?___wmul                  cstackCOMRAM 000001
?_set_throttle            cstackCOMRAM 000009
_CKE                      (abs)        007E3E
_CKP                      (abs)        007E34
_GIE                      (abs)        007F97
_IPEN                     (abs)        007E87
_IRCF0                    (abs)        007E9C
_IRCF1                    (abs)        007E9D
_IRCF2                    (abs)        007E9E
_LATBbits                 (abs)        000F8A
_PDC0L                    (abs)        000F79
_PEIE                     (abs)        007F96
_PMOD0                    (abs)        007B78
_PTCKPS0                  (abs)        007BFA
_PTCKPS1                  (abs)        007BFB
_PTEN                     (abs)        007BF7
_PTPERH                   (abs)        000F7A
_PTPERL                   (abs)        000F7B
_PWMEN0                   (abs)        007B7C
_PWMEN1                   (abs)        007B7D
_PWMEN2                   (abs)        007B7E
_PWM_init                 text7        0005C2
_SMP                      (abs)        007E3F
_SSPBUF                   (abs)        000FC9
_SSPEN                    (abs)        007E35
_SSPIE                    (abs)        007CEB
_SSPIF                    (abs)        007CF3
_SSPM0                    (abs)        007E30
_SSPM1                    (abs)        007E31
_SSPM2                    (abs)        007E32
_SSPM3                    (abs)        007E33
_TRISB0                   (abs)        007C98
_TRISC4                   (abs)        007CA4
_TRISC5                   (abs)        007CA5
_TRISC7                   (abs)        007CA7
__HRAM                    (abs)        000000
__H__absolute__           __absolute__ 000000
__Habs1                   abs1         000000
__Hbank0                  bank0        000000
__Hbank1                  bank1        000000
__Hbank2                  bank2        000000
__Hbigbss                 bigbss       000000
__Hbigdata                bigdata      000000
__Hbigram                 bigram       000000
__Hbigsfr                 bigsfr       000000
__Hbss                    bss          000000
__HbssCOMRAM              bssCOMRAM    000000
__Hcinit                  cinit        000000
__Hclrtext                clrtext      000000
__Hcomram                 comram       000000
__Hconfig                 config       30000E
__Hconst                  const        000000
__HcstackCOMRAM           cstackCOMRAM 000000
__Hdata                   data         000000
__Heeprom_data            eeprom_data  000000
__Hfarbss                 farbss       000000
__Hfardata                fardata      000000
__Hheap                   heap         000000
__Hibigdata               ibigdata     000000
__Hidata                  idata        000000
__Hidloc                  idloc        000000
__Hifardata               ifardata     000000
__Hinit                   init         0000BC
__Hintcode                intcode      0000B8
__Hintcode_body           intcode_body 000000
__Hintcodelo              intcodelo    0000B8
__Hintentry               intentry     000000
__Hintret                 intret       000000
__Hintsave_regs           intsave_regs 000000
__Hirdata                 irdata       000000
__Hmediumconst            mediumconst  000000
__HnvFARRAM               nvFARRAM     000000
__Hnvbit                  nvbit        000000
__Hnvrram                 nvrram       000000
__Hparam                  rparam       000000
__Hpowerup                powerup      0000B8
__Hram                    ram          000000
__Hramtop                 ramtop       000300
__Hrbit                   rbit         000000
__Hrbss                   rbss         000000
__Hrdata                  rdata        000000
__Hreset_vec              reset_vec    000004
__Hrparam                 rparam       000000
__Hsfr                    sfr          000000
__Hsmallconst             smallconst   000302
__Hspace_0                (abs)        00061E
__Hspace_1                (abs)        00002C
__Hspace_2                (abs)        000000
__Hspace_4                (abs)        60000E
__Hstack                  stack        000000
__Hstruct                 struct       000000
__Htemp                   temp         00002C
__Htext                   text         000000
__Htext0                  text0        000000
__Htext1                  text1        000000
__Htext2                  text2        000000
__Htext3                  text3        000000
__Htext4                  text4        000000
__Htext5                  text5        000000
__Htext6                  text6        000000
__Htext7                  text7        000000
__LRAM                    (abs)        000001
__L__absolute__           __absolute__ 000000
__Labs1                   abs1         000000
__Lbank0                  bank0        000000
__Lbank1                  bank1        000000
__Lbank2                  bank2        000000
__Lbigbss                 bigbss       000000
__Lbigdata                bigdata      000000
__Lbigram                 bigram       000000
__Lbigsfr                 bigsfr       000000
__Lbss                    bss          000000
__LbssCOMRAM              bssCOMRAM    000000
__Lcinit                  cinit        000000
__Lclrtext                clrtext      000000
__Lcomram                 comram       000000
__Lconfig                 config       000000
__Lconst                  const        000000
__LcstackCOMRAM           cstackCOMRAM 000000
__Ldata                   data         000000
__Leeprom_data            eeprom_data  000000
__Lfarbss                 farbss       000000
__Lfardata                fardata      000000
__Lheap                   heap         000000
__Libigdata               ibigdata     000000
__Lidata                  idata        000000
__Lidloc                  idloc        000000
__Lifardata               ifardata     000000
__Linit                   init         0000B8
__Lintcode                intcode      000008
__Lintcode_body           intcode_body 000000
__Lintcodelo              intcodelo    0000B8
__Lintentry               intentry     000000
__Lintret                 intret       000000
__Lintsave_regs           intsave_regs 000000
__Lirdata                 irdata       000000
__Lmediumconst            mediumconst  000000
__LnvFARRAM               nvFARRAM     000000
__Lnvbit                  nvbit        000000
__Lnvrram                 nvrram       000000
__Lparam                  rparam       000000
__Lpowerup                powerup      0000B8
__Lram                    ram          000000
__Lramtop                 ramtop       000300
__Lrbit                   rbit         000000
__Lrbss                   rbss         000000
__Lrdata                  rdata        000000
__Lreset_vec              reset_vec    000000
__Lrparam                 rparam       000000
__Lsfr                    sfr          000000
__Lsmallconst             smallconst   000300
__Lspace_0                (abs)        000000
__Lspace_1                (abs)        000000
__Lspace_2                (abs)        000000
__Lspace_4                (abs)        000000
__Lstack                  stack        000000
__Lstruct                 struct       000000
__Ltemp                   temp         00002B
__Ltext                   text         000000
__Ltext0                  text0        000000
__Ltext1                  text1        000000
__Ltext2                  text2        000000
__Ltext3                  text3        000000
__Ltext4                  text4        000000
__Ltext5                  text5        000000
__Ltext6                  text6        000000
__Ltext7                  text7        000000
__S0                      (abs)        00061E
__S1                      (abs)        00002C
__S4                      (abs)        000000
__S5                      (abs)        000000
___awdiv                  text4        000412
___awdiv@counter          cstackCOMRAM 000005
___awdiv@dividend         cstackCOMRAM 000001
___awdiv@divisor          cstackCOMRAM 000003
___awdiv@quotient         cstackCOMRAM 000007
___awdiv@sign             cstackCOMRAM 000006
___heap_hi                (abs)        000000
___heap_lo                (abs)        000000
___inthi_sp               stack        000000
___inthi_stack_hi         stack        000000
___inthi_stack_lo         stack        000000
___intlo_sp               stack        000000
___intlo_stack_hi         stack        000000
___intlo_stack_lo         stack        000000
___param_bank             (abs)        000000
___rparam_used            (abs)        000001
___sp                     stack        000000
___stack_hi               stack        000000
___stack_lo               stack        000000
___wmul                   text3        00059C
___wmul@multiplicand      cstackCOMRAM 000003
___wmul@multiplier        cstackCOMRAM 000001
___wmul@product           cstackCOMRAM 000005
__accesstop               (abs)        000060
__activetblptr            (abs)        000000
__end_of_PWM_init         text7        0005DE
__end_of___awdiv          text4        0004D6
__end_of___wmul           text3        0005C2
__end_of__initialization  cinit        000602
__end_of_h_isr            intcode      0000B8
__end_of_init_XL5         text6        00059C
__end_of_main             text0        00056C
__end_of_message_received text5        00061E
__end_of_set_throttle     text2        000412
__end_of_spi_slave_init   text1        0005F6
__initialization          cinit        0005F6
__mediumconst             mediumconst  000000
__pbssCOMRAM              bssCOMRAM    00001F
__pcinit                  cinit        0005F6
__pcstackCOMRAM           cstackCOMRAM 000001
__pintcode                intcode      000008
__psmallconst             smallconst   000300
__ptext0                  text0        0004D6
__ptext1                  text1        0005DE
__ptext2                  text2        000302
__ptext3                  text3        00059C
__ptext4                  text4        000412
__ptext5                  text5        00060C
__ptext6                  text6        00056C
__ptext7                  text7        0005C2
__ramtop                  ramtop       000300
__smallconst              smallconst   000300
_h_isr                    intcode      000008
_init_XL5                 text6        00056C
_main                     text0        0004D6
_message                  bssCOMRAM    000026
_message_received         text5        00060C
_set_throttle             text2        000302
_spi_slave_init           text1        0005DE
_throttle                 bssCOMRAM    00001F
_xl5_1                    bssCOMRAM    000029
btemp                     temp         00002B
end_of_initialization     cinit        000602
int$flags                 temp         00002B
intlevel0                 text         000000
intlevel1                 text         000000
intlevel2                 text         000000
intlevel3                 text         000000
isa$std                   (abs)        000001
isa$xinst                 (abs)        000000
set_throttle@adc_result   cstackCOMRAM 00000B
set_throttle@curr_step    cstackCOMRAM 000010
set_throttle@dir_div      cstackCOMRAM 000015
set_throttle@forward_flag cstackCOMRAM 000009
set_throttle@i            cstackCOMRAM 000016
set_throttle@neutral      cstackCOMRAM 000014
set_throttle@step_size    cstackCOMRAM 000012
stackhi                   (abs)        000000
stacklo                   (abs)        000000
start                     init         0000B8
start_initialization      cinit        0005F6
ttemp5                    temp         00002C
ttemp6                    temp         00002F
ttemp7                    temp         000033
wtemp8                    temp         00002C


MODULE INFORMATION

Module		Function		Class		Link	Load	Size
receiver_main.c
		_h_isr         		CODE           	0008	0000	176
		_main          		CODE           	04D6	0000	150
		_set_throttle  		CODE           	0302	0000	272
		_message_received		CODE           	060C	0000	18

receiver_main.c estimated size: 616

/opt/microchip/xc8/v2.45/pic/sources/c99/common/awdiv.c
		___awdiv       		CODE           	0412	0000	196

/opt/microchip/xc8/v2.45/pic/sources/c99/common/awdiv.c estimated size: 196

/opt/microchip/xc8/v2.45/pic/sources/c99/common/Umul16.c
		___wmul        		CODE           	059C	0000	38

/opt/microchip/xc8/v2.45/pic/sources/c99/common/Umul16.c estimated size: 38

spi.c
		_spi_slave_init		CODE           	05DE	0000	24

spi.c estimated size: 24

shared
		__initialization		CODE           	05F6	0000	12

shared estimated size: 12

pc_pwm.c
		_PWM_init      		CODE           	05C2	0000	28

pc_pwm.c estimated size: 28

xl5.c
		_init_XL5      		CODE           	056C	0000	48

xl5.c estimated size: 48

